[33m[nodemon] 2.0.16[39m
[33m[nodemon] to restart at any time, enter `rs`[39m
[33m[nodemon] watching path(s): *.*[39m
[33m[nodemon] watching extensions: js,mjs,json[39m
[32m[nodemon] starting `node indexx.js`[39m
Run successfully in port! 4016
before undefined
after { req: 'hello' }
before undefined
after { req: 'hello' }
[32m[nodemon] restarting due to changes...[39m
[32m[nodemon] starting `node indexx.js`[39m
[31m[nodemon] app crashed - waiting for file changes before starting...[39m
[32m[nodemon] restarting due to changes...[39m
[32m[nodemon] starting `node indexx.js`[39m
Run successfully in port! 4016
[32m[nodemon] restarting due to changes...[39m
[32m[nodemon] starting `node indexx.js`[39m
Run successfully in port! 4016
[32m[nodemon] restarting due to changes...[39m
[32m[nodemon] restarting due to changes...[39m
[32m[nodemon] starting `node indexx.js`[39m
Run successfully in port! 4016
before undefined
